I'm sorry, but errors were detected in your script. Please correct the
errors listed below, and try again.


File "game/script.rpy", line 643: Line is indented, but the preceding say statement statement does not expect a block. Please check this line's indentation.
    return
    ^

Ren'Py Version: Ren'Py 7.4.11.2266
Tue Mar 22 01:32:07 2022
